Time Period: 2022 Q1
VOLUMES - Crude & Condensate (BBL): 2019
VOLUMES - Gas (KCF): 252993
VOLUMES - Natural Gas Liquids (BBL): 9466
PRICES - Crude & Condensate ($/BBL): 92.67
PRICES - Gas ($/KCF): 6.73
PRICES - Natural Gas Liquids ($/BBL): 43.12
REVENUE - Crude & Condensate: 187124
REVENUE - Gas: 1702063
REVENUE - Natural Gas Liquids: 408136
TOTAL PRODUCT REVENUE: 2297323
COGS - Crude & Condensate: -11433
COGS - Gas - Electricity: -12105
COGS - Gas - Pipeline Other: -766
COGS - Gas - Transportation: -382275
TOTAL COGS: -406579
NET MARGIN: 1890744
OPEX - Chemicals: -2919
OPEX - Compression: -21485
OPEX - Labor: -16432
OPEX - Other Non-Op: -74644
OPEX - Processing Fees: -62967
OPEX - Water Disposal: -7034
OPEX - Taxes: -212331
OPEX - Wellwork: 0
TOTAL CASH OPEX: -397812
NET TO WI: 1492932
TOTAL INVESTMENT: 0

Time Period: 2022 Q2
VOLUMES - Crude & Condensate (BBL): 2260
VOLUMES - Gas (KCF): 247851
VOLUMES - Natural Gas Liquids (BBL): 8936
PRICES - Crude & Condensate ($/BBL): 108.34
PRICES - Gas ($/KCF): 8.46
PRICES - Natural Gas Liquids ($/BBL): 43.62
REVENUE - Crude & Condensate: 244887
REVENUE - Gas: 2096300
REVENUE - Natural Gas Liquids: 389794
TOTAL PRODUCT REVENUE: 2730981
COGS - Crude & Condensate: -14962
COGS - Gas - Electricity: -12402
COGS - Gas - Pipeline Other: -620
COGS - Gas - Transportation: -421168
TOTAL COGS: -449152
NET MARGIN: 2281829
OPEX - Chemicals: -1067
OPEX - Compression: -21871
OPEX - Labor: -14313
OPEX - Other Non-Op: -67246
OPEX - Processing Fees: -58203
OPEX - Water Disposal: -5764
OPEX - Taxes: -257397
OPEX - Wellwork: 0
TOTAL CASH OPEX: -425861
NET TO WI: 1855968
TOTAL INVESTMENT: 0

Time Period: 2022 Q3
VOLUMES - Crude & Condensate (BBL): 1865
VOLUMES - Gas (KCF): 247424
VOLUMES - Natural Gas Liquids (BBL): 7070
PRICES - Crude & Condensate ($/BBL): 90.38
PRICES - Gas ($/KCF): 9.17
PRICES - Natural Gas Liquids ($/BBL): 43.62
REVENUE - Crude & Condensate: 168547
REVENUE - Gas: 2269907
REVENUE - Natural Gas Liquids: 308383
TOTAL PRODUCT REVENUE: 2746837
COGS - Crude & Condensate: -10298
COGS - Gas - Electricity: -14138
COGS - Gas - Pipeline Other: -2179
COGS - Gas - Transportation: -413616
TOTAL COGS: -440231
NET MARGIN: 2306606
OPEX - Chemicals: -1130
OPEX - Compression: -21871
OPEX - Labor: -15756
OPEX - Other Non-Op: -87458
OPEX - Processing Fees: -62839
OPEX - Water Disposal: -9039
OPEX - Taxes: -265275
OPEX - Wellwork: 0
TOTAL CASH OPEX: -463368
NET TO WI: 1843238
TOTAL INVESTMENT: 0

Time Period: 2022 Q4
VOLUMES - Crude & Condensate (BBL): 1786
VOLUMES - Gas (KCF): 218721
VOLUMES - Natural Gas Liquids (BBL): 4007
PRICES - Crude & Condensate ($/BBL): 86.15
PRICES - Gas ($/KCF): 15.80
PRICES - Natural Gas Liquids ($/BBL): 35.58
REVENUE - Crude & Condensate: 153831
REVENUE - Gas: 3456005
REVENUE - Natural Gas Liquids: 142579
TOTAL PRODUCT REVENUE: 3752415
COGS - Crude & Condensate: -9514
COGS - Gas - Electricity: -9847
COGS - Gas - Pipeline Other: -3088
COGS - Gas - Transportation: -286643
TOTAL COGS: -309092
NET MARGIN: 3443323
OPEX - Chemicals: -1694
OPEX - Compression: -21432
OPEX - Labor: -9610
OPEX - Other Non-Op: -57492
OPEX - Processing Fees: -47531
OPEX - Water Disposal: -16495
OPEX - Taxes: -406141
OPEX - Wellwork: 0
TOTAL CASH OPEX: -560395
NET TO WI: 2882928
TOTAL INVESTMENT: 0

Time Period: 2023 Q1
VOLUMES - Crude & Condensate (BBL): 1254
VOLUMES - Gas (KCF): 199477
VOLUMES - Natural Gas Liquids (BBL): 3941
PRICES - Crude & Condensate ($/BBL): 80.39
PRICES - Gas ($/KCF): 11.26
PRICES - Natural Gas Liquids ($/BBL): 36.65
REVENUE - Crude & Condensate: 100784
REVENUE - Gas: 2245686
REVENUE - Natural Gas Liquids: 144422
TOTAL PRODUCT REVENUE: 2490892
COGS - Crude & Condensate: -6233
COGS - Gas - Electricity: -11104
COGS - Gas - Pipeline Other: -1883
COGS - Gas - Transportation: -286332
TOTAL COGS: -305552
NET MARGIN: 2185340
OPEX - Chemicals: -1001
OPEX - Compression: -20007
OPEX - Labor: -33468
OPEX - Other Non-Op: -76889
OPEX - Processing Fees: -55052
OPEX - Water Disposal: -13396
OPEX - Taxes: -255049
OPEX - Wellwork: 0
TOTAL CASH OPEX: -454862
NET TO WI: 1730478
TOTAL INVESTMENT: 6584

Time Period: 2023 Q2
VOLUMES - Crude & Condensate (BBL): 1702
VOLUMES - Gas (KCF): 224366
VOLUMES - Natural Gas Liquids (BBL): 5591
PRICES - Crude & Condensate ($/BBL): 77.10
PRICES - Gas ($/KCF): 2.98
PRICES - Natural Gas Liquids ($/BBL): 26.98
REVENUE - Crude & Condensate: 131251
REVENUE - Gas: 667939
REVENUE - Natural Gas Liquids: 150834
TOTAL PRODUCT REVENUE: 950024
COGS - Crude & Condensate: -8117
COGS - Gas - Electricity: -12084
COGS - Gas - Pipeline Other: -613
COGS - Gas - Transportation: -189297
TOTAL COGS: -210111
NET MARGIN: 739913
OPEX - Chemicals: -249
OPEX - Compression: -20046
OPEX - Labor: -27862
OPEX - Other Non-Op: -76109
OPEX - Processing Fees: -50932
OPEX - Water Disposal: -13334
OPEX - Taxes: -76812
OPEX - Wellwork: -20812
TOTAL CASH OPEX: -286156
NET TO WI: 453757
TOTAL INVESTMENT: 53403

Time Period: 2023 Q3
VOLUMES - Crude & Condensate (BBL): 2174
VOLUMES - Gas (KCF): 263160
VOLUMES - Natural Gas Liquids (BBL): 7760
PRICES - Crude & Condensate ($/BBL): 85.71
PRICES - Gas ($/KCF): 3.60
PRICES - Natural Gas Liquids ($/BBL): 29.03
REVENUE - Crude & Condensate: 186308
REVENUE - Gas: 948351
REVENUE - Natural Gas Liquids: 225246
TOTAL PRODUCT REVENUE: 1359905
COGS - Crude & Condensate: -11380
COGS - Gas - Electricity: -17201
COGS - Gas - Pipeline Other: -1307
COGS - Gas - Transportation: -265266
TOTAL COGS: -295154
NET MARGIN: 1064751
OPEX - Chemicals: -1002
OPEX - Compression: -19964
OPEX - Labor: -62656
OPEX - Other Non-Op: -78361
OPEX - Processing Fees: -69396
OPEX - Water Disposal: -20811
OPEX - Taxes: -110748
OPEX - Wellwork: -104433
TOTAL CASH OPEX: -467371
NET TO WI: 597380
TOTAL INVESTMENT: 220879

Time Period: 2023 Q4
VOLUMES - Crude & Condensate (BBL): 2764
VOLUMES - Gas (KCF): 252607
VOLUMES - Natural Gas Liquids (BBL): 7332
PRICES - Crude & Condensate ($/BBL): 79.61
PRICES - Gas ($/KCF): 3.68
PRICES - Natural Gas Liquids ($/BBL): 28.22
REVENUE - Crude & Condensate: 220035
REVENUE - Gas: 928634
REVENUE - Natural Gas Liquids: 206878
TOTAL PRODUCT REVENUE: 1355547
COGS - Crude & Condensate: -13440
COGS - Gas - Electricity: -14742
COGS - Gas - Pipeline Other: -750
COGS - Gas - Transportation: -271892
TOTAL COGS: -300824
NET MARGIN: 1054723
OPEX - Chemicals: -129
OPEX - Compression: -17529
OPEX - Labor: -121473
OPEX - Other Non-Op: -55311
OPEX - Processing Fees: -43489
OPEX - Water Disposal: -38320
OPEX - Taxes: -117889
OPEX - Wellwork: -13151
TOTAL CASH OPEX: -407291
NET TO WI: 647432
TOTAL INVESTMENT: 654409

Time Period: 2024 Q1
VOLUMES - Crude & Condensate (BBL): 2697
VOLUMES - Gas (KCF): 295409
VOLUMES - Natural Gas Liquids (BBL): 6751
PRICES - Crude & Condensate ($/BBL): 71.95
PRICES - Gas ($/KCF): 3.56
PRICES - Natural Gas Liquids ($/BBL): 32.41
REVENUE - Crude & Condensate: 194081
REVENUE - Gas: 1050244
REVENUE - Natural Gas Liquids: 218798
TOTAL PRODUCT REVENUE: 1463123
COGS - Crude & Condensate: -11855
COGS - Gas - Electricity: -14425
COGS - Gas - Pipeline Other: -220
COGS - Gas - Transportation: -248559
TOTAL COGS: -275059
NET MARGIN: 1188064
OPEX - Chemicals: -150
OPEX - Compression: -25975
OPEX - Labor: -42243
OPEX - Other Non-Op: -84562
OPEX - Processing Fees: -65847
OPEX - Water Disposal: -34048
OPEX - Taxes: -125149
OPEX - Wellwork: -870
TOTAL CASH OPEX: -378844
NET TO WI: 809220
TOTAL INVESTMENT: 105017

Time Period: 2024 Q2
VOLUMES - Crude & Condensate (BBL): 2243
VOLUMES - Gas (KCF): 338247
VOLUMES - Natural Gas Liquids (BBL): 7508
PRICES - Crude & Condensate ($/BBL): 75.46
PRICES - Gas ($/KCF): 1.59
PRICES - Natural Gas Liquids ($/BBL): 31.36
REVENUE - Crude & Condensate: 169299
REVENUE - Gas: 537341
REVENUE - Natural Gas Liquids: 235479
TOTAL PRODUCT REVENUE: 942119
COGS - Crude & Condensate: -10341
COGS - Gas - Electricity: -17992
COGS - Gas - Pipeline Other: -249
COGS - Gas - Transportation: -232176
TOTAL COGS: -260758
NET MARGIN: 681361
OPEX - Chemicals: -557
OPEX - Compression: -18035
OPEX - Labor: -30364
OPEX - Other Non-Op: -74618
OPEX - Processing Fees: -71476
OPEX - Water Disposal: -28632
OPEX - Taxes: -64477
OPEX - Wellwork: 0
TOTAL CASH OPEX: -288159
NET TO WI: 393202
TOTAL INVESTMENT: 59003

Time Period: 2024 Q3
VOLUMES - Crude & Condensate (BBL): 1961
VOLUMES - Gas (KCF): 103639
VOLUMES - Natural Gas Liquids (BBL): 8084
PRICES - Crude & Condensate ($/BBL): 70.51
PRICES - Gas ($/KCF): 1.98
PRICES - Natural Gas Liquids ($/BBL): 29.96
REVENUE - Crude & Condensate: 138303
REVENUE - Gas: 204752
REVENUE - Natural Gas Liquids: 242168
TOTAL PRODUCT REVENUE: 585223
COGS - Crude & Condensate: -8598
COGS - Gas - Electricity: -21446
COGS - Gas - Pipeline Other: -44
COGS - Gas - Transportation: -90597
TOTAL COGS: -120685
NET MARGIN: 464538
OPEX - Chemicals: -905
OPEX - Compression: -44151
OPEX - Labor: -21434
OPEX - Other Non-Op: -83674
OPEX - Processing Fees: -75708
OPEX - Water Disposal: -37896
OPEX - Taxes: -43349
OPEX - Wellwork: 0
TOTAL CASH OPEX: -307117
NET TO WI: 157421
TOTAL INVESTMENT: 38520

Time Period: 2024 Q4
VOLUMES - Crude & Condensate (BBL): 1938
VOLUMES - Gas (KCF): 254878
VOLUMES - Natural Gas Liquids (BBL): 4641
PRICES - Crude & Condensate ($/BBL): 66.04
PRICES - Gas ($/KCF): 2.47
PRICES - Natural Gas Liquids ($/BBL): 31.83
REVENUE - Crude & Condensate: 127982
REVENUE - Gas: 630331
REVENUE - Natural Gas Liquids: 147744
TOTAL PRODUCT REVENUE: 906057
COGS - Crude & Condensate: -7817
COGS - Gas - Electricity: -11824
COGS - Gas - Pipeline Other: -669
COGS - Gas - Transportation: -136065
TOTAL COGS: -156375
NET MARGIN: 749682
OPEX - Chemicals: -1000
OPEX - Compression: -80658
OPEX - Labor: -23905
OPEX - Other Non-Op: -84949
OPEX - Processing Fees: -43889
OPEX - Water Disposal: -51590
OPEX - Taxes: -85849
OPEX - Wellwork: 0
TOTAL CASH OPEX: -371840
NET TO WI: 377842
TOTAL INVESTMENT: 29583

Time Period: 2025 Q1
VOLUMES - Crude & Condensate (BBL): 1903
VOLUMES - Gas (KCF): 234738
VOLUMES - Natural Gas Liquids (BBL): 5751
PRICES - Crude & Condensate ($/BBL): 67.21
PRICES - Gas ($/KCF): 3.79
PRICES - Natural Gas Liquids ($/BBL): 33.18
REVENUE - Crude & Condensate: 127904
REVENUE - Gas: 890552
REVENUE - Natural Gas Liquids: 190817
TOTAL PRODUCT REVENUE: 1209273
COGS - Crude & Condensate: -7813
COGS - Gas - Electricity: -15404
COGS - Gas - Pipeline Other: -2027
COGS - Gas - Transportation: -134010
TOTAL COGS: -159254
NET MARGIN: 1050019
OPEX - Chemicals: -538
OPEX - Compression: -49779
OPEX - Labor: -10532
OPEX - Other Non-Op: -73768
OPEX - Processing Fees: -55498
OPEX - Water Disposal: -50254
OPEX - Taxes: -113169
OPEX - Wellwork: 0
TOTAL CASH OPEX: -353538
NET TO WI: 696481
TOTAL INVESTMENT: 74